--------------------------------------------------------------------------------------
Timing Analyzer Summary
--------------------------------------------------------------------------------------

Type           : Worst-case tsu
Slack          : N/A
Required Time  : None
Actual Time    : 7.000 ns
From           : lrcki
To             : lpm_counter:counttmp_rtl_0|dffs[4]
From Clock     : --
To Clock       : bck
Failed Paths   : 0

Type           : Worst-case tco
Slack          : N/A
Required Time  : None
Actual Time    : 6.600 ns
From           : data2o~reg0
To             : data2o
From Clock     : bck
To Clock       : --
Failed Paths   : 0

Type           : Worst-case th
Slack          : N/A
Required Time  : None
Actual Time    : -1.000 ns
From           : lrcki
To             : Lchout[15]
From Clock     : --
To Clock       : bck
Failed Paths   : 0

Type           : Clock Setup: 'bck'
Slack          : N/A
Required Time  : None
Actual Time    : 25.64 MHz ( period = 39.000 ns )
From           : lpm_counter:counttmp_rtl_0|dffs[4]
To             : data2o~reg0
From Clock     : bck
To Clock       : bck
Failed Paths   : 0

Type           : Total number of failed paths
Slack          : 
Required Time  : 
Actual Time    : 
From           : 
To             : 
From Clock     : 
To Clock       : 
Failed Paths   : 0

--------------------------------------------------------------------------------------

